// Jest Snapshot v1, https://goo.gl/fbAQLP

exports[`matches snapshot 1`] = `
<DocumentFragment>
  <div
    align="center"
    class="MuiContainer-root MuiContainer-maxWidthLg css-1oqqzyl-MuiContainer-root"
  >
    <div
      class="MuiPaper-root MuiPaper-elevation MuiPaper-rounded MuiPaper-elevation3 css-15e3r76-MuiPaper-root"
    >
      <h3
        class="MuiTypography-root MuiTypography-h3 MuiTypography-alignCenter MuiTypography-gutterBottom css-npj9mq-MuiTypography-root"
      >
        Please Log in
      </h3>
      <form
        autocomplete="off"
        class="MuiBox-root css-xn6ruc"
        novalidate=""
      >
        <div
          class="MuiFormControl-root MuiTextField-root css-1u3bzj6-MuiFormControl-root-MuiTextField-root"
        >
          <label
            class="MuiInputLabel-root MuiInputLabel-formControl MuiInputLabel-animated MuiInputLabel-shrink MuiInputLabel-outlined MuiFormLabel-root MuiFormLabel-colorPrimary Mui-focused Mui-required css-1sumxir-MuiFormLabel-root-MuiInputLabel-root"
            data-shrink="true"
            for="pin"
            id="pin-label"
          >
            User Pin
            <span
              aria-hidden="true"
              class="MuiInputLabel-asterisk MuiFormLabel-asterisk css-wgai2y-MuiFormLabel-asterisk"
            >
               *
            </span>
          </label>
          <div
            class="MuiOutlinedInput-root MuiInputBase-root MuiInputBase-colorPrimary Mui-focused MuiInputBase-formControl css-9ddj71-MuiInputBase-root-MuiOutlinedInput-root"
          >
            <input
              aria-describedby="pin-helper-text"
              aria-invalid="false"
              class="MuiOutlinedInput-input MuiInputBase-input css-1t8l2tu-MuiInputBase-input-MuiOutlinedInput-input"
              id="pin"
              name="pin"
              required=""
              type="number"
              value=""
            />
            <fieldset
              aria-hidden="true"
              class="MuiOutlinedInput-notchedOutline css-1d3z3hw-MuiOutlinedInput-notchedOutline"
            >
              <legend
                class="css-1z7n62"
              >
                <span>
                  User Pin *
                </span>
              </legend>
            </fieldset>
          </div>
          <p
            class="MuiFormHelperText-root MuiFormHelperText-sizeMedium MuiFormHelperText-contained Mui-focused Mui-required css-1wc848c-MuiFormHelperText-root"
            id="pin-helper-text"
          >
            Please enter your pin
          </p>
        </div>
        <button
          class="MuiButton-root MuiButton-contained MuiButton-containedPrimary MuiButton-sizeMedium MuiButton-containedSizeMedium MuiButtonBase-root  css-sghohy-MuiButtonBase-root-MuiButton-root"
          tabindex="0"
          type="submit"
        >
          Submit
          <span
            class="MuiTouchRipple-root css-8je8zh-MuiTouchRipple-root"
          />
        </button>
        <button
          class="MuiButton-root MuiButton-contained MuiButton-containedPrimary MuiButton-sizeMedium MuiButton-containedSizeMedium MuiButtonBase-root  css-sghohy-MuiButtonBase-root-MuiButton-root"
          tabindex="0"
          type="button"
        >
          Clear
          <span
            class="MuiTouchRipple-root css-8je8zh-MuiTouchRipple-root"
          />
        </button>
      </form>
      <div
        class="css-1f8awo8-MuiStack-root"
      />
    </div>
  </div>
</DocumentFragment>
`;
