// Jest Snapshot v1, https://goo.gl/fbAQLP

exports[`matches snapshot 1`] = `
<DocumentFragment>
  <div
    class="MuiGrid-root MuiGrid-container MuiGrid-spacing-xs-2 css-6s1xft-MuiGrid-root"
  >
    <div
      class="MuiGrid-root MuiGrid-item css-13i4rnv-MuiGrid-root"
    >
      <h5
        class="MuiTypography-root MuiTypography-h5 css-ag7rrr-MuiTypography-root"
      >
        Original Check
      </h5>
    </div>
    <div
      class="MuiGrid-root MuiGrid-item css-13i4rnv-MuiGrid-root"
    >
      <div
        class="MuiPaper-root MuiPaper-elevation MuiPaper-rounded MuiPaper-elevation3 css-1k8revy-MuiPaper-root"
      >
        <div
          class="MuiList-root MuiList-padding MuiList-dense css-h4y409-MuiList-root"
          role="list"
        >
          <li
            class="MuiListItem-root MuiListItem-dense MuiListItem-gutters MuiListItem-padding css-6lnq02-MuiListItem-root"
          />
        </div>
      </div>
    </div>
    <div
      class="MuiGrid-root MuiGrid-item css-13i4rnv-MuiGrid-root"
    >
      <div
        class="MuiGrid-root MuiGrid-container MuiGrid-direction-xs-column css-t0zib5-MuiGrid-root"
      >
        <button
          aria-label="move all right"
          class="MuiButton-root MuiButton-contained MuiButton-containedPrimary MuiButton-sizeLarge MuiButton-containedSizeLarge MuiButtonBase-root Mui-disabled  css-151mrg-MuiButtonBase-root-MuiButton-root"
          disabled=""
          tabindex="-1"
          type="button"
        >
          ≫
        </button>
        <button
          aria-label="move selected right"
          class="MuiButton-root MuiButton-contained MuiButton-containedPrimary MuiButton-sizeLarge MuiButton-containedSizeLarge MuiButtonBase-root Mui-disabled  css-151mrg-MuiButtonBase-root-MuiButton-root"
          disabled=""
          tabindex="-1"
          type="button"
        >
          &gt;
        </button>
        <button
          aria-label="move selected left"
          class="MuiButton-root MuiButton-contained MuiButton-containedPrimary MuiButton-sizeLarge MuiButton-containedSizeLarge MuiButtonBase-root Mui-disabled  css-151mrg-MuiButtonBase-root-MuiButton-root"
          disabled=""
          tabindex="-1"
          type="button"
        >
          &lt;
        </button>
        <button
          aria-label="move all left"
          class="MuiButton-root MuiButton-contained MuiButton-containedPrimary MuiButton-sizeLarge MuiButton-containedSizeLarge MuiButtonBase-root Mui-disabled  css-151mrg-MuiButtonBase-root-MuiButton-root"
          disabled=""
          tabindex="-1"
          type="button"
        >
          ≪
        </button>
      </div>
    </div>
    <div
      class="MuiGrid-root MuiGrid-item css-13i4rnv-MuiGrid-root"
    >
      <div
        class="MuiPaper-root MuiPaper-elevation MuiPaper-rounded MuiPaper-elevation3 css-1k8revy-MuiPaper-root"
      >
        <div
          class="MuiList-root MuiList-padding MuiList-dense css-h4y409-MuiList-root"
          role="list"
        >
          <li
            class="MuiListItem-root MuiListItem-dense MuiListItem-gutters MuiListItem-padding css-6lnq02-MuiListItem-root"
          />
        </div>
      </div>
    </div>
    <div
      class="MuiGrid-root MuiGrid-item css-13i4rnv-MuiGrid-root"
    >
      <h5
        class="MuiTypography-root MuiTypography-h5 css-ag7rrr-MuiTypography-root"
      >
        New Check
      </h5>
    </div>
  </div>
  <div
    class="css-1eyksi4-MuiStack-root"
  >
    <button
      class="MuiButton-root MuiButton-contained MuiButton-containedPrimary MuiButton-sizeMedium MuiButton-containedSizeMedium MuiButtonBase-root Mui-disabled  css-sghohy-MuiButtonBase-root-MuiButton-root"
      disabled=""
      tabindex="-1"
      type="button"
    >
      Split Check
    </button>
    <button
      class="MuiButton-root MuiButton-contained MuiButton-containedSecondary MuiButton-sizeMedium MuiButton-containedSizeMedium MuiButtonBase-root  css-zcbmsk-MuiButtonBase-root-MuiButton-root"
      tabindex="0"
      type="button"
    >
      Done
      <span
        class="MuiTouchRipple-root css-8je8zh-MuiTouchRipple-root"
      />
    </button>
  </div>
</DocumentFragment>
`;
