// Jest Snapshot v1, https://goo.gl/fbAQLP

exports[`matches snapshot 1`] = `
<DocumentFragment>
  <b>
    No items in database
  </b>
</DocumentFragment>
`;
