// Jest Snapshot v1, https://goo.gl/fbAQLP

exports[`matches snapshot 1`] = `
<DocumentFragment>
  <div
    class="MuiPaper-root MuiPaper-elevation MuiPaper-rounded MuiPaper-elevation3 css-1u9m4ct-MuiPaper-root"
  >
    <h3
      class="MuiTypography-root MuiTypography-h3 MuiTypography-alignCenter MuiTypography-gutterBottom css-1le49ku-MuiTypography-root"
    />
    <div
      class="MuiGrid-root MuiGrid-container MuiGrid-spacing-xs-4 css-1kdpkep-MuiGrid-root"
    >
      <div
        class="MuiGrid-root MuiGrid-item css-13i4rnv-MuiGrid-root"
      >
        <button
          class="MuiButton-root MuiButton-outlined MuiButton-outlinedPrimary MuiButton-sizeMedium MuiButton-outlinedSizeMedium MuiButtonBase-root  css-1rwt2y5-MuiButtonBase-root-MuiButton-root"
          tabindex="0"
          type="button"
        >
          <span
            class="MuiTouchRipple-root css-8je8zh-MuiTouchRipple-root"
          />
        </button>
      </div>
    </div>
    <div
      class="css-17fv0pc-MuiStack-root"
    >
      <button
        class="MuiButton-root MuiButton-text MuiButton-textPrimary MuiButton-sizeMedium MuiButton-textSizeMedium MuiButtonBase-root  css-1e6y48t-MuiButtonBase-root-MuiButton-root"
        tabindex="0"
        type="button"
      >
        Close
        <span
          class="MuiTouchRipple-root css-8je8zh-MuiTouchRipple-root"
        />
      </button>
    </div>
  </div>
</DocumentFragment>
`;
