// Jest Snapshot v1, https://goo.gl/fbAQLP

exports[`matches snapshot 1`] = `
<DocumentFragment>
  <header
    class="MuiPaper-root MuiPaper-elevation MuiPaper-elevation4 MuiAppBar-root MuiAppBar-colorPrimary MuiAppBar-positionSticky css-7e0s21-MuiPaper-root-MuiAppBar-root"
  >
    <div
      class="MuiToolbar-root MuiToolbar-gutters MuiToolbar-regular css-1t29gy6-MuiToolbar-root"
    >
      <h6
        class="MuiTypography-root MuiTypography-h6 MuiTypography-gutterBottom css-1j19cfr-MuiTypography-root"
        style="margin: 10px;"
      >
        Tapntable
      </h6>
      <a
        class="MuiTypography-root MuiTypography-inherit MuiLink-root MuiLink-underlineNone css-1nulv61-MuiTypography-root-MuiLink-root"
        href="/login"
      >
        Login
      </a>
      <a
        class="MuiTypography-root MuiTypography-inherit MuiLink-root MuiLink-underlineNone css-1nulv61-MuiTypography-root-MuiLink-root"
        href="/"
      >
        Home
      </a>
      <a
        class="MuiTypography-root MuiTypography-inherit MuiLink-root MuiLink-underlineNone css-1nulv61-MuiTypography-root-MuiLink-root"
        href="/welcome"
      >
        Welcome
      </a>
      <a
        class="MuiTypography-root MuiTypography-inherit MuiLink-root MuiLink-underlineNone css-1nulv61-MuiTypography-root-MuiLink-root"
        href="/servicebar"
      >
        Service Bar
      </a>
      <a
        class="MuiTypography-root MuiTypography-inherit MuiLink-root MuiLink-underlineNone css-1nulv61-MuiTypography-root-MuiLink-root"
        href="/itemcount"
      >
        Item Count
      </a>
      <a
        class="MuiTypography-root MuiTypography-inherit MuiLink-root MuiLink-underlineNone css-1nulv61-MuiTypography-root-MuiLink-root"
        href="/items"
      >
        Items
      </a>
    </div>
  </header>
</DocumentFragment>
`;
